# File opened 2015-02-19 10:13:31.979939 for write
#                 1:N                2:Nrep                3:Natt                   4:A                5:Arep                6:Aatt                7:epot            8:eel-eel0                9:eel0                 10:u0             11:avg(h)          12:avg(h)-u0                  13:x                  14:y                 15:sx                 16:sy
   3.289257420511e-01    5.205271825064e-01   -1.916014404553e-01    4.400000000000e+01                    16                    28      -0.0216408086607    1.395664123826e-02    0.000000000000e+00   -2.883452897922e-03    2.074311916647e+01    2.074600261937e+01                   N/A                   N/A                   N/A                   N/A
